src/app/attendance/page.tsx(91,35): error TS2339: Property 'roll' does not exist on type '{ id: string; }'.
src/app/attendance/page.tsx(91,51): error TS2339: Property 'roll' does not exist on type '{ id: string; }'.
src/app/dashboard/teacher/page.tsx(112,126): error TS2339: Property 'assignedClass' does not exist on type 'UserProfile'.
